#
# There is insufficient memory for the Java Runtime Environment to continue.
# Native memory allocation (malloc) failed to allocate 402528 bytes. Error detail: Chunk::new
# Possible reasons:
#   The system is out of physical RAM or swap space
#   This process is running with CompressedOops enabled, and the Java Heap may be blocking the growth of the native heap
# Possible solutions:
#   Reduce memory load on the system
#   Increase physical memory or swap space
#   Check if swap backing store is full
#   Decrease Java heap size (-Xmx/-Xms)
#   Decrease number of Java threads
#   Decrease Java thread stack sizes (-Xss)
#   Set larger code cache with -XX:ReservedCodeCacheSize=
#   JVM is running with Unscaled Compressed Oops mode in which the Java heap is
#     placed in the first 4GB address space. The Java Heap base address is the
#     maximum limit for the native heap growth. Please use -XX:HeapBaseMinAddress
#     to set the Java Heap base and to place the Java Heap above 4GB virtual address.
# This output file may be truncated or incomplete.
#
#  Out of Memory Error (arena.cpp:168), pid=26836, tid=2976
#
# JRE version: OpenJDK Runtime Environment Temurin-21.0.10+7 (21.0.10+7) (build 21.0.10+7-LTS)
# Java VM: OpenJDK 64-Bit Server VM Temurin-21.0.10+7 (21.0.10+7-LTS, mixed mode, sharing, tiered, compressed oops, compressed class ptrs, parallel gc, windows-amd64)
# No core dump will be written. Minidumps are not enabled by default on client versions of Windows
#

---------------  S U M M A R Y ------------

Command Line: --add-modules=ALL-SYSTEM --add-opens=java.base/java.util=ALL-UNNAMED --add-opens=java.base/java.lang=ALL-UNNAMED --add-opens=java.base/sun.nio.fs=ALL-UNNAMED -Declipse.application=org.eclipse.jdt.ls.core.id1 -Dosgi.bundles.defaultStartLevel=4 -Declipse.product=org.eclipse.jdt.ls.core.product -Djava.import.generatesMetadataFilesAtProjectRoot=false -DDetectVMInstallationsJob.disabled=true -Dfile.encoding=utf8 -XX:+UseParallelGC -XX:GCTimeRatio=4 -XX:AdaptiveSizePolicyWeight=90 -Dsun.zip.disableMemoryMapping=true -Xmx2G -Xms100m -Xlog:disable -javaagent:c:\Users\hoang\.antigravity-ide\extensions\redhat.java-1.54.0-win32-x64\lombok\lombok-1.18.39-4050.jar -XX:+HeapDumpOnOutOfMemoryError -XX:HeapDumpPath=c:\Users\hoang\AppData\Roaming\Antigravity IDE\User\workspaceStorage\e8517d76fa35ff21c14cfb3cd64e077b\redhat.java -Daether.dependencyCollector.impl=bf c:\Users\hoang\.antigravity-ide\extensions\redhat.java-1.54.0-win32-x64\server\plugins\org.eclipse.equinox.launcher_1.7.100.v20251111-0406.jar -configuration c:\Users\hoang\AppData\Roaming\Antigravity IDE\User\globalStorage\redhat.java\1.54.0\config_win -data c:\Users\hoang\AppData\Roaming\Antigravity IDE\User\workspaceStorage\e8517d76fa35ff21c14cfb3cd64e077b\redhat.java\jdt_ws --pipe=\\.\pipe\lsp-f86c09d8ba2d708cd6dff211bb63958b-sock

Host: 12th Gen Intel(R) Core(TM) i5-1235U, 12 cores, 15G,  Windows 11 , 64 bit Build 26100 (10.0.26100.8521)
Time: Fri Jun 12 13:13:29 2026 SE Asia Standard Time elapsed time: 30.455213 seconds (0d 0h 0m 30s)

---------------  T H R E A D  ---------------

Current thread (0x000001d3f9311e30):  JavaThread "C2 CompilerThread1" daemon [_thread_in_native, id=2976, stack(0x000000abece00000,0x000000abecf00000) (1024K)]


Current CompileTask:
C2:30455 3384       4       sun.nio.fs.WindowsPathParser::normalize (233 bytes)

Stack: [0x000000abece00000,0x000000abecf00000]
Native frames: (J=compiled Java code, j=interpreted, Vv=VM code, C=native code)
V  [jvm.dll+0x6d7a39]
V  [jvm.dll+0x8b4b26]
V  [jvm.dll+0x8b70de]
V  [jvm.dll+0x8b77c3]
V  [jvm.dll+0x284346]
V  [jvm.dll+0xc66ed]
V  [jvm.dll+0xc6c31]
V  [jvm.dll+0x3bec3b]
V  [jvm.dll+0x38b162]
V  [jvm.dll+0x38a5aa]
V  [jvm.dll+0x24c560]
V  [jvm.dll+0x24bb40]
V  [jvm.dll+0x1cb34e]
V  [jvm.dll+0x25b85d]
V  [jvm.dll+0x259dea]
V  [jvm.dll+0x3f857e]
V  [jvm.dll+0x85f59d]
V  [jvm.dll+0x6d626d]
C  [ucrtbase.dll+0x2cd30]
C  [KERNEL32.DLL+0x2e957]
C  [ntdll.dll+0x87c1c]


---------------  P R O C E S S  ---------------

Threads class SMR info:
_java_thread_list=0x000001d3feee2100, length=22, elements={
0x000001d3de60f500, 0x000001d3f6cadf30, 0x000001d3de6b4fd0, 0x000001d3de6b9190,
0x000001d3de6b9d20, 0x000001d3de6bceb0, 0x000001d3f8141fe0, 0x000001d3de6c5f80,
0x000001d3de6cbab0, 0x000001d3f832a400, 0x000001d3f847b3b0, 0x000001d3fe1245f0,
0x000001d3fe0c12f0, 0x000001d3f819bdc0, 0x000001d3f81a3d90, 0x000001d3fe725750,
0x000001d3f91b3f50, 0x000001d3fe7518c0, 0x000001d3fe219450, 0x000001d3fe21ae90,
0x000001d3f9311e30, 0x000001d3f93132a0
}

Java Threads: ( => current thread )
  0x000001d3de60f500 JavaThread "main"                              [_thread_blocked, id=16836, stack(0x000000abeae00000,0x000000abeaf00000) (1024K)]
  0x000001d3f6cadf30 JavaThread "Reference Handler"          daemon [_thread_blocked, id=16940, stack(0x000000abeb200000,0x000000abeb300000) (1024K)]
  0x000001d3de6b4fd0 JavaThread "Finalizer"                  daemon [_thread_blocked, id=37076, stack(0x000000abeb300000,0x000000abeb400000) (1024K)]
  0x000001d3de6b9190 JavaThread "Signal Dispatcher"          daemon [_thread_blocked, id=34700, stack(0x000000abeb400000,0x000000abeb500000) (1024K)]
  0x000001d3de6b9d20 JavaThread "Attach Listener"            daemon [_thread_blocked, id=30728, stack(0x000000abeb500000,0x000000abeb600000) (1024K)]
  0x000001d3de6bceb0 JavaThread "Service Thread"             daemon [_thread_blocked, id=3328, stack(0x000000abeb600000,0x000000abeb700000) (1024K)]
  0x000001d3f8141fe0 JavaThread "Monitor Deflation Thread"   daemon [_thread_blocked, id=28276, stack(0x000000abeb700000,0x000000abeb800000) (1024K)]
  0x000001d3de6c5f80 JavaThread "C2 CompilerThread0"         daemon [_thread_in_native, id=36664, stack(0x000000abeb800000,0x000000abeb900000) (1024K)]
  0x000001d3de6cbab0 JavaThread "C1 CompilerThread0"         daemon [_thread_blocked, id=1700, stack(0x000000abeb900000,0x000000abeba00000) (1024K)]
  0x000001d3f832a400 JavaThread "Common-Cleaner"             daemon [_thread_blocked, id=37796, stack(0x000000abeba00000,0x000000abebb00000) (1024K)]
  0x000001d3f847b3b0 JavaThread "Notification Thread"        daemon [_thread_blocked, id=34560, stack(0x000000abebc00000,0x000000abebd00000) (1024K)]
  0x000001d3fe1245f0 JavaThread "Active Thread: Equinox Container: 92426f2c-1514-4f0c-b701-38a502d72e40"        [_thread_blocked, id=21708, stack(0x000000abec400000,0x000000abec500000) (1024K)]
  0x000001d3fe0c12f0 JavaThread "Refresh Thread: Equinox Container: 92426f2c-1514-4f0c-b701-38a502d72e40" daemon [_thread_blocked, id=14772, stack(0x000000abebd00000,0x000000abebe00000) (1024K)]
  0x000001d3f819bdc0 JavaThread "Framework Event Dispatcher: Equinox Container: 92426f2c-1514-4f0c-b701-38a502d72e40" daemon [_thread_blocked, id=15984, stack(0x000000abec500000,0x000000abec600000) (1024K)]
  0x000001d3f81a3d90 JavaThread "Start Level: Equinox Container: 92426f2c-1514-4f0c-b701-38a502d72e40" daemon [_thread_in_native, id=20164, stack(0x000000abec600000,0x000000abec700000) (1024K)]
  0x000001d3fe725750 JavaThread "Bundle File Closer"         daemon [_thread_blocked, id=10256, stack(0x000000abeca00000,0x000000abecb00000) (1024K)]
  0x000001d3f91b3f50 JavaThread "SCR Component Actor"        daemon [_thread_blocked, id=37804, stack(0x000000abec700000,0x000000abec800000) (1024K)]
  0x000001d3fe7518c0 JavaThread "Worker-JM"                         [_thread_blocked, id=18600, stack(0x000000abecd00000,0x000000abece00000) (1024K)]
  0x000001d3fe219450 JavaThread "Worker-0: Checking project encoding"        [_thread_blocked, id=34904, stack(0x000000abecb00000,0x000000abecc00000) (1024K)]
  0x000001d3fe21ae90 JavaThread "Worker-1"                          [_thread_blocked, id=37268, stack(0x000000abecc00000,0x000000abecd00000) (1024K)]
=>0x000001d3f9311e30 JavaThread "C2 CompilerThread1"         daemon [_thread_in_native, id=2976, stack(0x000000abece00000,0x000000abecf00000) (1024K)]
  0x000001d3f93132a0 JavaThread "C2 CompilerThread2"         daemon [_thread_in_native, id=15536, stack(0x000000abecf00000,0x000000abed000000) (1024K)]
Total: 22

Other Threads:
  0x000001d3de6b0b00 VMThread "VM Thread"                           [id=24236, stack(0x000000abeb100000,0x000000abeb200000) (1024K)]
  0x000001d3f6b8c210 WatcherThread "VM Periodic Task Thread"        [id=37852, stack(0x000000abeb000000,0x000000abeb100000) (1024K)]
  0x000001d3de62def0 WorkerThread "GC Thread#0"                     [id=21084, stack(0x000000abeaf00000,0x000000abeb000000) (1024K)]
  0x000001d3f97b1a80 WorkerThread "GC Thread#1"                     [id=22288, stack(0x000000abebe00000,0x000000abebf00000) (1024K)]
  0x000001d3f93e19a0 WorkerThread "GC Thread#2"                     [id=37184, stack(0x000000abebf00000,0x000000abec000000) (1024K)]
  0x000001d3fe1257f0 WorkerThread "GC Thread#3"                     [id=2648, stack(0x000000abec000000,0x000000abec100000) (1024K)]
  0x000001d3fe125ba0 WorkerThread "GC Thread#4"                     [id=13140, stack(0x000000abec100000,0x000000abec200000) (1024K)]
  0x000001d3fe125f50 WorkerThread "GC Thread#5"                     [id=21296, stack(0x000000abec200000,0x000000abec300000) (1024K)]
  0x000001d3f962af70 WorkerThread "GC Thread#6"                     [id=37068, stack(0x000000abec300000,0x000000abec400000) (1024K)]
  0x000001d3fe0d3f00 WorkerThread "GC Thread#7"                     [id=35440, stack(0x000000abebb00000,0x000000abebc00000) (1024K)]
  0x000001d3fe0d42b0 WorkerThread "GC Thread#8"                     [id=19088, stack(0x000000abec800000,0x000000abec900000) (1024K)]
  0x000001d3fe0d4660 WorkerThread "GC Thread#9"                     [id=14924, stack(0x000000abec900000,0x000000abeca00000) (1024K)]
Total: 12

Threads with active compile tasks:
C2 CompilerThread0  30506 3387   !   4       java.util.jar.Attributes::read (494 bytes)
C2 CompilerThread1  30506 3384       4       sun.nio.fs.WindowsPathParser::normalize (233 bytes)
C2 CompilerThread2  30506 3388       4       java.util.HashMap::putVal (300 bytes)
Total: 3

VM state: not at safepoint (normal execution)

VM Mutex/Monitor currently owned by a thread: None

Heap address: 0x0000000080000000, size: 2048 MB, Compressed Oops mode: 32-bit

CDS archive(s) mapped at: [0x000001d380000000-0x000001d380ba0000-0x000001d380ba0000), size 12189696, SharedBaseAddress: 0x000001d380000000, ArchiveRelocationMode: 1.
Compressed class space mapped at: 0x000001d381000000-0x000001d3c1000000, reserved size: 1073741824
Narrow klass base: 0x000001d380000000, Narrow klass shift: 0, Narrow klass range: 0x100000000

GC Precious Log:
 CardTable entry size: 512
 CPUs: 12 total, 12 available
 Memory: 16052M
 Large Page Support: Disabled
 NUMA Support: Disabled
 Compressed Oops: Enabled (32-bit)
 Alignments: Space 512K, Generation 512K, Heap 2M
 Heap Min Capacity: 100M
 Heap Initial Capacity: 100M
 Heap Max Capacity: 2G
 Pre-touch: Disabled
 Parallel Workers: 10

Heap:
 PSYoungGen      total 29184K, used 29160K [0x00000000d5580000, 0x00000000d7900000, 0x0000000100000000)
  eden space 25088K, 100% used [0x00000000d5580000,0x00000000d6e00000,0x00000000d6e00000)
  from space 4096K, 99% used [0x00000000d6e80000,0x00000000d727a3f8,0x00000000d7280000)
  to   space 5632K, 0% used [0x00000000d7380000,0x00000000d7380000,0x00000000d7900000)
 ParOldGen       total 68608K, used 7774K [0x0000000080000000, 0x0000000084300000, 0x00000000d5580000)
  object space 68608K, 11% used [0x0000000080000000,0x0000000080797a70,0x0000000084300000)
 Metaspace       used 17969K, committed 18688K, reserved 1114112K
  class space    used 1893K, committed 2176K, reserved 1048576K

Card table byte_map: [0x000001d3f1fc0000,0x000001d3f23d0000] _byte_map_base: 0x000001d3f1bc0000

Marking Bits: (ParMarkBitMap*) 0x00007ffbbe7e3450
 Begin Bits: [0x000001d3f2680000, 0x000001d3f4680000)
 End Bits:   [0x000001d3f4680000, 0x000001d3f6680000)

Polling page: 0x000001d3de3b0000

Metaspace:

Usage:
  Non-class:     15.70 MB used.
      Class:      1.85 MB used.
       Both:     17.55 MB used.

Virtual space:
  Non-class space:       64.00 MB reserved,      16.12 MB ( 25%) committed,  1 nodes.
      Class space:        1.00 GB reserved,       2.12 MB ( <1%) committed,  1 nodes.
             Both:        1.06 GB reserved,      18.25 MB (  2%) committed. 

Chunk freelists:
   Non-Class:  15.62 MB
       Class:  13.69 MB
        Both:  29.30 MB

MaxMetaspaceSize: unlimited
CompressedClassSpaceSize: 1.00 GB
Initial GC threshold: 21.00 MB
Current GC threshold: 21.00 MB
CDS: on
 - commit_granule_bytes: 65536.
 - commit_granule_words: 8192.
 - virtual_space_node_default_size: 8388608.
 - enlarge_chunks_in_place: 1.
 - use_allocation_guard: 0.


Internal statistics:

num_allocs_failed_limit: 0.
num_arena_births: 546.
num_arena_deaths: 0.
num_vsnodes_births: 2.
num_vsnodes_deaths: 0.
num_space_committed: 293.
num_space_uncommitted: 0.
num_chunks_returned_to_freelist: 0.
num_chunks_taken_from_freelist: 1232.
num_chunk_merges: 0.
num_chunk_splits: 784.
num_chunks_enlarged: 498.
num_inconsistent_stats: 0.

CodeHeap 'non-profiled nmethods': size=120000Kb used=1502Kb max_used=1502Kb free=118497Kb
 bounds [0x000001d3ea8b0000, 0x000001d3eab20000, 0x000001d3f1de0000]
CodeHeap 'profiled nmethods': size=120000Kb used=6987Kb max_used=6987Kb free=113012Kb
 bounds [0x000001d3e2de0000, 0x000001d3e34c0000, 0x000001d3ea310000]
CodeHeap 'non-nmethods': size=5760Kb used=1268Kb max_used=1324Kb free=4491Kb
 bounds [0x000001d3ea310000, 0x000001d3ea580000, 0x000001d3ea8b0000]
CodeCache: size=245760Kb, used=9757Kb, max_used=9813Kb, free=236000Kb
 total_blobs=3969, nmethods=3427, adapters=448, full_count=0
Compilation: enabled, stopped_count=0, restarted_count=0

Compilation events (20 events):
Event: 30.441 Thread 0x000001d3de6cbab0 3406       3       java.lang.invoke.MethodHandleImpl::valueConversion (325 bytes)
Event: 30.443 Thread 0x000001d3de6cbab0 nmethod 3406 0x000001d3e34a5110 code [0x000001d3e34a5420, 0x000001d3e34a6050]
Event: 30.443 Thread 0x000001d3de6cbab0 3412       3       java.lang.reflect.AccessibleObject::slowVerifyAccess (67 bytes)
Event: 30.444 Thread 0x000001d3de6cbab0 nmethod 3412 0x000001d3e34a6510 code [0x000001d3e34a6720, 0x000001d3e34a6da0]
Event: 30.444 Thread 0x000001d3de6cbab0 3408       3       jdk.internal.reflect.MagicAccessorImpl::<init> (5 bytes)
Event: 30.444 Thread 0x000001d3de6cbab0 nmethod 3408 0x000001d3e34a6f90 code [0x000001d3e34a7140, 0x000001d3e34a72a8]
Event: 30.445 Thread 0x000001d3de6cbab0 3411       3       java.lang.invoke.LambdaFormEditor::filterArgumentForm (121 bytes)
Event: 30.446 Thread 0x000001d3de6cbab0 nmethod 3411 0x000001d3e34a7390 code [0x000001d3e34a75a0, 0x000001d3e34a7998]
Event: 30.446 Thread 0x000001d3de6cbab0 3407       3       java.lang.reflect.ReflectAccess::getRoot (5 bytes)
Event: 30.446 Thread 0x000001d3de6cbab0 nmethod 3407 0x000001d3e34a7c10 code [0x000001d3e34a7dc0, 0x000001d3e34a7f98]
Event: 30.446 Thread 0x000001d3de6cbab0 3409       3       jdk.internal.reflect.MethodHandleAccessorFactory::ensureClassInitialized (18 bytes)
Event: 30.447 Thread 0x000001d3de6cbab0 nmethod 3409 0x000001d3e34a8090 code [0x000001d3e34a82a0, 0x000001d3e34a8708]
Event: 30.447 Thread 0x000001d3de6cbab0 3410       3       java.util.PropertyResourceBundle::handleGetObject (23 bytes)
Event: 30.447 Thread 0x000001d3de6cbab0 nmethod 3410 0x000001d3e34a8890 code [0x000001d3e34a8a60, 0x000001d3e34a8d30]
Event: 30.447 Thread 0x000001d3de6cbab0 3413       1       java.lang.Class::getClassLoader0 (5 bytes)
Event: 30.447 Thread 0x000001d3de6cbab0 nmethod 3413 0x000001d3eaa26810 code [0x000001d3eaa269a0, 0x000001d3eaa26a68]
Event: 30.447 Thread 0x000001d3de6cbab0 3403       3       java.lang.invoke.DirectMethodHandle::staticBase (8 bytes)
Event: 30.448 Thread 0x000001d3de6cbab0 nmethod 3403 0x000001d3e34a8e10 code [0x000001d3e34a8fc0, 0x000001d3e34a91a8]
Event: 30.448 Thread 0x000001d3de6cbab0 3404       3       java.lang.invoke.DirectMethodHandle::staticOffset (8 bytes)
Event: 30.448 Thread 0x000001d3de6cbab0 nmethod 3404 0x000001d3e34a9290 code [0x000001d3e34a9440, 0x000001d3e34a9630]

GC Heap History (10 events):
Event: 1.189 GC heap before
{Heap before GC invocations=1 (full 0):
 PSYoungGen      total 29696K, used 25600K [0x00000000d5580000, 0x00000000d7680000, 0x0000000100000000)
  eden space 25600K, 100% used [0x00000000d5580000,0x00000000d6e80000,0x00000000d6e80000)
  from space 4096K, 0% used [0x00000000d7280000,0x00000000d7280000,0x00000000d7680000)
  to   space 4096K, 0% used [0x00000000d6e80000,0x00000000d6e80000,0x00000000d7280000)
 ParOldGen       total 68608K, used 0K [0x0000000080000000, 0x0000000084300000, 0x00000000d5580000)
  object space 68608K, 0% used [0x0000000080000000,0x0000000080000000,0x0000000084300000)
 Metaspace       used 4351K, committed 4608K, reserved 1114112K
  class space    used 475K, committed 576K, reserved 1048576K
}
Event: 1.201 GC heap after
{Heap after GC invocations=1 (full 0):
 PSYoungGen      total 29696K, used 3271K [0x00000000d5580000, 0x00000000d7680000, 0x0000000100000000)
  eden space 25600K, 0% used [0x00000000d5580000,0x00000000d5580000,0x00000000d6e80000)
  from space 4096K, 79% used [0x00000000d6e80000,0x00000000d71b1e98,0x00000000d7280000)
  to   space 4096K, 0% used [0x00000000d7280000,0x00000000d7280000,0x00000000d7680000)
 ParOldGen       total 68608K, used 16K [0x0000000080000000, 0x0000000084300000, 0x00000000d5580000)
  object space 68608K, 0% used [0x0000000080000000,0x0000000080004000,0x0000000084300000)
 Metaspace       used 4351K, committed 4608K, reserved 1114112K
  class space    used 475K, committed 576K, reserved 1048576K
}
Event: 12.782 GC heap before
{Heap before GC invocations=2 (full 0):
 PSYoungGen      total 29696K, used 28871K [0x00000000d5580000, 0x00000000d7680000, 0x0000000100000000)
  eden space 25600K, 100% used [0x00000000d5580000,0x00000000d6e80000,0x00000000d6e80000)
  from space 4096K, 79% used [0x00000000d6e80000,0x00000000d71b1e98,0x00000000d7280000)
  to   space 4096K, 0% used [0x00000000d7280000,0x00000000d7280000,0x00000000d7680000)
 ParOldGen       total 68608K, used 16K [0x0000000080000000, 0x0000000084300000, 0x00000000d5580000)
  object space 68608K, 0% used [0x0000000080000000,0x0000000080004000,0x0000000084300000)
 Metaspace       used 7991K, committed 8256K, reserved 1114112K
  class space    used 830K, committed 960K, reserved 1048576K
}
Event: 12.791 GC heap after
{Heap after GC invocations=2 (full 0):
 PSYoungGen      total 29696K, used 4086K [0x00000000d5580000, 0x00000000d7680000, 0x0000000100000000)
  eden space 25600K, 0% used [0x00000000d5580000,0x00000000d5580000,0x00000000d6e80000)
  from space 4096K, 99% used [0x00000000d7280000,0x00000000d767d810,0x00000000d7680000)
  to   space 4096K, 0% used [0x00000000d6e80000,0x00000000d6e80000,0x00000000d7280000)
 ParOldGen       total 68608K, used 2057K [0x0000000080000000, 0x0000000084300000, 0x00000000d5580000)
  object space 68608K, 2% used [0x0000000080000000,0x00000000802026a8,0x0000000084300000)
 Metaspace       used 7991K, committed 8256K, reserved 1114112K
  class space    used 830K, committed 960K, reserved 1048576K
}
Event: 17.597 GC heap before
{Heap before GC invocations=3 (full 0):
 PSYoungGen      total 29696K, used 29571K [0x00000000d5580000, 0x00000000d7680000, 0x0000000100000000)
  eden space 25600K, 99% used [0x00000000d5580000,0x00000000d6e634e0,0x00000000d6e80000)
  from space 4096K, 99% used [0x00000000d7280000,0x00000000d767d810,0x00000000d7680000)
  to   space 4096K, 0% used [0x00000000d6e80000,0x00000000d6e80000,0x00000000d7280000)
 ParOldGen       total 68608K, used 2057K [0x0000000080000000, 0x0000000084300000, 0x00000000d5580000)
  object space 68608K, 2% used [0x0000000080000000,0x00000000802026a8,0x0000000084300000)
 Metaspace       used 9438K, committed 9792K, reserved 1114112K
  class space    used 1008K, committed 1152K, reserved 1048576K
}
Event: 17.606 GC heap after
{Heap after GC invocations=3 (full 0):
 PSYoungGen      total 29696K, used 4065K [0x00000000d5580000, 0x00000000d7680000, 0x0000000100000000)
  eden space 25600K, 0% used [0x00000000d5580000,0x00000000d5580000,0x00000000d6e80000)
  from space 4096K, 99% used [0x00000000d6e80000,0x00000000d72785f0,0x00000000d7280000)
  to   space 4096K, 0% used [0x00000000d7280000,0x00000000d7280000,0x00000000d7680000)
 ParOldGen       total 68608K, used 4739K [0x0000000080000000, 0x0000000084300000, 0x00000000d5580000)
  object space 68608K, 6% used [0x0000000080000000,0x00000000804a0f80,0x0000000084300000)
 Metaspace       used 9438K, committed 9792K, reserved 1114112K
  class space    used 1008K, committed 1152K, reserved 1048576K
}
Event: 28.533 GC heap before
{Heap before GC invocations=4 (full 0):
 PSYoungGen      total 29696K, used 29665K [0x00000000d5580000, 0x00000000d7680000, 0x0000000100000000)
  eden space 25600K, 100% used [0x00000000d5580000,0x00000000d6e80000,0x00000000d6e80000)
  from space 4096K, 99% used [0x00000000d6e80000,0x00000000d72785f0,0x00000000d7280000)
  to   space 4096K, 0% used [0x00000000d7280000,0x00000000d7280000,0x00000000d7680000)
 ParOldGen       total 68608K, used 4739K [0x0000000080000000, 0x0000000084300000, 0x00000000d5580000)
  object space 68608K, 6% used [0x0000000080000000,0x00000000804a0f80,0x0000000084300000)
 Metaspace       used 11629K, committed 12032K, reserved 1114112K
  class space    used 1226K, committed 1408K, reserved 1048576K
}
Event: 28.541 GC heap after
{Heap after GC invocations=4 (full 0):
 PSYoungGen      total 29696K, used 4091K [0x00000000d5580000, 0x00000000d7680000, 0x0000000100000000)
  eden space 25600K, 0% used [0x00000000d5580000,0x00000000d5580000,0x00000000d6e80000)
  from space 4096K, 99% used [0x00000000d7280000,0x00000000d767ef38,0x00000000d7680000)
  to   space 4096K, 0% used [0x00000000d6e80000,0x00000000d6e80000,0x00000000d7280000)
 ParOldGen       total 68608K, used 6715K [0x0000000080000000, 0x0000000084300000, 0x00000000d5580000)
  object space 68608K, 9% used [0x0000000080000000,0x000000008068ee88,0x0000000084300000)
 Metaspace       used 11629K, committed 12032K, reserved 1114112K
  class space    used 1226K, committed 1408K, reserved 1048576K
}
Event: 29.637 GC heap before
{Heap before GC invocations=5 (full 0):
 PSYoungGen      total 29696K, used 29691K [0x00000000d5580000, 0x00000000d7680000, 0x0000000100000000)
  eden space 25600K, 100% used [0x00000000d5580000,0x00000000d6e80000,0x00000000d6e80000)
  from space 4096K, 99% used [0x00000000d7280000,0x00000000d767ef38,0x00000000d7680000)
  to   space 4096K, 0% used [0x00000000d6e80000,0x00000000d6e80000,0x00000000d7280000)
 ParOldGen       total 68608K, used 6715K [0x0000000080000000, 0x0000000084300000, 0x00000000d5580000)
  object space 68608K, 9% used [0x0000000080000000,0x000000008068ee88,0x0000000084300000)
 Metaspace       used 15619K, committed 16192K, reserved 1114112K
  class space    used 1632K, committed 1920K, reserved 1048576K
}
Event: 29.647 GC heap after
{Heap after GC invocations=5 (full 0):
 PSYoungGen      total 29184K, used 4072K [0x00000000d5580000, 0x00000000d7900000, 0x0000000100000000)
  eden space 25088K, 0% used [0x00000000d5580000,0x00000000d5580000,0x00000000d6e00000)
  from space 4096K, 99% used [0x00000000d6e80000,0x00000000d727a3f8,0x00000000d7280000)
  to   space 5632K, 0% used [0x00000000d7380000,0x00000000d7380000,0x00000000d7900000)
 ParOldGen       total 68608K, used 7774K [0x0000000080000000, 0x0000000084300000, 0x00000000d5580000)
  object space 68608K, 11% used [0x0000000080000000,0x0000000080797a70,0x0000000084300000)
 Metaspace       used 15619K, committed 16192K, reserved 1114112K
  class space    used 1632K, committed 1920K, reserved 1048576K
}

Dll operation events (11 events):
Event: 0.107 Loaded shared library c:\Users\hoang\.antigravity-ide\extensions\redhat.java-1.54.0-win32-x64\jre\21.0.10-win32-x86_64\bin\java.dll
Event: 0.143 Loaded shared library c:\Users\hoang\.antigravity-ide\extensions\redhat.java-1.54.0-win32-x64\jre\21.0.10-win32-x86_64\bin\zip.dll
Event: 0.197 Loaded shared library C:\Users\hoang\.antigravity-ide\extensions\redhat.java-1.54.0-win32-x64\jre\21.0.10-win32-x86_64\bin\instrument.dll
Event: 0.274 Loaded shared library C:\Users\hoang\.antigravity-ide\extensions\redhat.java-1.54.0-win32-x64\jre\21.0.10-win32-x86_64\bin\net.dll
Event: 0.327 Loaded shared library C:\Users\hoang\.antigravity-ide\extensions\redhat.java-1.54.0-win32-x64\jre\21.0.10-win32-x86_64\bin\nio.dll
Event: 0.330 Loaded shared library C:\Users\hoang\.antigravity-ide\extensions\redhat.java-1.54.0-win32-x64\jre\21.0.10-win32-x86_64\bin\zip.dll
Event: 0.349 Loaded shared library C:\Users\hoang\.antigravity-ide\extensions\redhat.java-1.54.0-win32-x64\jre\21.0.10-win32-x86_64\bin\jimage.dll
Event: 0.470 Loaded shared library c:\Users\hoang\.antigravity-ide\extensions\redhat.java-1.54.0-win32-x64\jre\21.0.10-win32-x86_64\bin\verify.dll
Event: 14.415 Loaded shared library C:\Users\hoang\AppData\Roaming\Antigravity IDE\User\globalStorage\redhat.java\1.54.0\config_win\org.eclipse.equinox.launcher\org.eclipse.equinox.launcher.win32.win32.x86_64_1.3.0.v20260203-2149\eclipse_11919.dll
Event: 29.466 Loaded shared library C:\Users\hoang\.antigravity-ide\extensions\redhat.java-1.54.0-win32-x64\jre\21.0.10-win32-x86_64\bin\management.dll
Event: 29.472 Loaded shared library C:\Users\hoang\.antigravity-ide\extensions\redhat.java-1.54.0-win32-x64\jre\21.0.10-win32-x86_64\bin\management_ext.dll

Deoptimization events (20 events):
Event: 30.129 Thread 0x000001d3f81a3d90 Uncommon trap: trap_request=0xffffffde fr.pc=0x000001d3ea9f4f70 relative=0x0000000000000050
Event: 30.129 Thread 0x000001d3f81a3d90 Uncommon trap: reason=class_check action=maybe_recompile pc=0x000001d3ea9f4f70 method=java.lang.invoke.DirectMethodHandle.internalMemberName(Ljava/lang/Object;)Ljava/lang/Object; @ 1 c2
Event: 30.129 Thread 0x000001d3f81a3d90 DEOPT PACKING pc=0x000001d3ea9f4f70 sp=0x000000abec6f3b90
Event: 30.129 Thread 0x000001d3f81a3d90 DEOPT UNPACKING pc=0x000001d3ea363aa2 sp=0x000000abec6f3b20 mode 2
Event: 30.129 Thread 0x000001d3f81a3d90 Uncommon trap: trap_request=0xffffffde fr.pc=0x000001d3ea9f4f70 relative=0x0000000000000050
Event: 30.129 Thread 0x000001d3f81a3d90 Uncommon trap: reason=class_check action=maybe_recompile pc=0x000001d3ea9f4f70 method=java.lang.invoke.DirectMethodHandle.internalMemberName(Ljava/lang/Object;)Ljava/lang/Object; @ 1 c2
Event: 30.130 Thread 0x000001d3f81a3d90 DEOPT PACKING pc=0x000001d3ea9f4f70 sp=0x000000abec6f3b90
Event: 30.130 Thread 0x000001d3f81a3d90 DEOPT UNPACKING pc=0x000001d3ea363aa2 sp=0x000000abec6f3b20 mode 2
Event: 30.130 Thread 0x000001d3f81a3d90 Uncommon trap: trap_request=0xffffff45 fr.pc=0x000001d3ea9e0f44 relative=0x00000000000000a4
Event: 30.130 Thread 0x000001d3f81a3d90 Uncommon trap: reason=unstable_if action=reinterpret pc=0x000001d3ea9e0f44 method=java.lang.ref.ReferenceQueue.poll()Ljava/lang/ref/Reference; @ 4 c2
Event: 30.130 Thread 0x000001d3f81a3d90 DEOPT PACKING pc=0x000001d3ea9e0f44 sp=0x000000abec6f3c60
Event: 30.131 Thread 0x000001d3f81a3d90 DEOPT UNPACKING pc=0x000001d3ea363aa2 sp=0x000000abec6f3b48 mode 2
Event: 30.416 Thread 0x000001d3f81a3d90 DEOPT PACKING pc=0x000001d3e310ea46 sp=0x000000abec6f1950
Event: 30.416 Thread 0x000001d3f81a3d90 DEOPT UNPACKING pc=0x000001d3ea364242 sp=0x000000abec6f0ed0 mode 0
Event: 30.428 Thread 0x000001d3f81a3d90 DEOPT PACKING pc=0x000001d3e2edda8b sp=0x000000abec6f18b0
Event: 30.428 Thread 0x000001d3f81a3d90 DEOPT UNPACKING pc=0x000001d3ea364242 sp=0x000000abec6f0d28 mode 0
Event: 30.431 Thread 0x000001d3f81a3d90 DEOPT PACKING pc=0x000001d3e2ed3b86 sp=0x000000abec6f1000
Event: 30.431 Thread 0x000001d3f81a3d90 DEOPT UNPACKING pc=0x000001d3ea364242 sp=0x000000abec6f0480 mode 0
Event: 30.434 Thread 0x000001d3f81a3d90 DEOPT PACKING pc=0x000001d3e2ed3b86 sp=0x000000abec6f1250
Event: 30.434 Thread 0x000001d3f81a3d90 DEOPT UNPACKING pc=0x000001d3ea364242 sp=0x000000abec6f06d0 mode 0

Classes loaded (20 events):
Event: 29.696 Loading class java/util/stream/SortedOps$SizedRefSortingSink
Event: 29.696 Loading class java/util/stream/SortedOps$SizedRefSortingSink done
Event: 29.762 Loading class java/util/concurrent/atomic/Striped64$1
Event: 29.763 Loading class java/util/concurrent/atomic/Striped64$1 done
Event: 29.912 Loading class java/util/BitSet
Event: 29.913 Loading class java/util/BitSet done
Event: 29.923 Loading class sun/net/www/protocol/jrt/JavaRuntimeURLConnection
Event: 29.924 Loading class sun/net/www/protocol/jrt/JavaRuntimeURLConnection done
Event: 29.925 Loading class sun/net/www/protocol/jrt/JavaRuntimeURLConnection$1
Event: 29.925 Loading class sun/net/www/protocol/jrt/JavaRuntimeURLConnection$1 done
Event: 30.015 Loading class java/util/function/UnaryOperator
Event: 30.016 Loading class java/util/function/UnaryOperator done
Event: 30.020 Loading class java/util/ServiceConfigurationError
Event: 30.020 Loading class java/util/ServiceConfigurationError done
Event: 30.057 Loading class java/lang/InheritableThreadLocal
Event: 30.057 Loading class java/lang/InheritableThreadLocal done
Event: 30.119 Loading class java/security/AccessControlException
Event: 30.119 Loading class java/security/AccessControlException done
Event: 30.446 Loading class java/lang/StackTraceElement$HashedModules
Event: 30.446 Loading class java/lang/StackTraceElement$HashedModules done

Classes unloaded (0 events):
No events

Classes redefined (0 events):
No events

Internal exceptions (20 events):
Event: 29.316 Thread 0x000001d3f81a3d90 Exception <a 'java/lang/NoSuchMethodError'{0x00000000d67fe3c8}: 'java.lang.Object java.lang.invoke.DelegatingMethodHandle$Holder.reinvoke_L(java.lang.Object, java.lang.Object, java.lang.Object, java.lang.Object, int, int)'> (0x00000000d67fe3c8) 
thrown [s\src\hotspot\share\interpreter\linkResolver.cpp, line 773]
Event: 29.322 Thread 0x000001d3f81a3d90 Exception <a 'java/lang/NoSuchMethodError'{0x00000000d681b2c8}: 'java.lang.Object java.lang.invoke.DirectMethodHandle$Holder.newInvokeSpecial(java.lang.Object, java.lang.Object, java.lang.Object, java.lang.Object, java.lang.Object, java.lang.Object)'> (0x00000000d681b2c8) 
thrown [s\src\hotspot\share\interpreter\linkResolver.cpp, line 773]
Event: 29.328 Thread 0x000001d3f81a3d90 Exception <a 'java/lang/NoSuchMethodError'{0x00000000d6847858}: 'void java.lang.invoke.Invokers$Holder.invokeExact_MT(java.lang.Object, java.lang.Object, java.lang.Object, java.lang.Object)'> (0x00000000d6847858) 
thrown [s\src\hotspot\share\interpreter\linkResolver.cpp, line 773]
Event: 29.448 Thread 0x000001d3f81a3d90 Exception <a 'java/io/FileNotFoundException'{0x00000000d697e8b0}> (0x00000000d697e8b0) 
thrown [s\src\hotspot\share\prims\jni.cpp, line 520]
Event: 29.454 Thread 0x000001d3f81a3d90 Exception <a 'java/io/FileNotFoundException'{0x00000000d699c978}> (0x00000000d699c978) 
thrown [s\src\hotspot\share\prims\jni.cpp, line 520]
Event: 29.458 Thread 0x000001d3f81a3d90 Exception <a 'java/io/FileNotFoundException'{0x00000000d69a4470}> (0x00000000d69a4470) 
thrown [s\src\hotspot\share\prims\jni.cpp, line 520]
Event: 29.630 Thread 0x000001d3f81a3d90 Exception <a 'java/lang/NoSuchMethodError'{0x00000000d6e65da0}: 'java.lang.Object java.lang.invoke.DirectMethodHandle$Holder.newInvokeSpecial(java.lang.Object, java.lang.Object, java.lang.Object, java.lang.Object, java.lang.Object)'> (0x00000000d6e65da0) 
thrown [s\src\hotspot\share\interpreter\linkResolver.cpp, line 773]
Event: 29.673 Thread 0x000001d3f81a3d90 Exception <a 'java/lang/NoSuchMethodError'{0x00000000d5661e88}: 'java.lang.Object java.lang.invoke.DirectMethodHandle$Holder.invokeSpecial(java.lang.Object, java.lang.Object, java.lang.Object, long, java.lang.Object)'> (0x00000000d5661e88) 
thrown [s\src\hotspot\share\interpreter\linkResolver.cpp, line 773]
Event: 29.675 Thread 0x000001d3f81a3d90 Exception <a 'java/lang/NoSuchMethodError'{0x00000000d56696d0}: 'java.lang.Object java.lang.invoke.DirectMethodHandle$Holder.newInvokeSpecial(java.lang.Object, java.lang.Object, java.lang.Object, long)'> (0x00000000d56696d0) 
thrown [s\src\hotspot\share\interpreter\linkResolver.cpp, line 773]
Event: 29.676 Thread 0x000001d3f81a3d90 Exception <a 'java/lang/NoSuchMethodError'{0x00000000d566da80}: 'java.lang.Object java.lang.invoke.DirectMethodHandle$Holder.invokeSpecial(java.lang.Object, java.lang.Object, java.lang.Object, java.lang.Object, long)'> (0x00000000d566da80) 
thrown [s\src\hotspot\share\interpreter\linkResolver.cpp, line 773]
Event: 29.677 Thread 0x000001d3f81a3d90 Exception <a 'java/lang/NoSuchMethodError'{0x00000000d56716a0}: 'java.lang.Object java.lang.invoke.Invokers$Holder.linkToTargetMethod(java.lang.Object, java.lang.Object, long, java.lang.Object)'> (0x00000000d56716a0) 
thrown [s\src\hotspot\share\interpreter\linkResolver.cpp, line 773]
Event: 29.719 Thread 0x000001d3f81a3d90 Exception <a 'java/lang/IncompatibleClassChangeError'{0x00000000d57d7580}: Found class java.lang.Object, but interface was expected> (0x00000000d57d7580) 
thrown [s\src\hotspot\share\interpreter\linkResolver.cpp, line 840]
Event: 29.720 Thread 0x000001d3f81a3d90 Exception <a 'java/lang/NoSuchMethodError'{0x00000000d57db090}: 'java.lang.Object java.lang.invoke.DirectMethodHandle$Holder.invokeSpecial(java.lang.Object, java.lang.Object, java.lang.Object, int, java.lang.Object, java.lang.Object)'> (0x00000000d57db090) 
thrown [s\src\hotspot\share\interpreter\linkResolver.cpp, line 773]
Event: 29.722 Thread 0x000001d3f81a3d90 Exception <a 'java/lang/NoSuchMethodError'{0x00000000d57e2aa8}: 'java.lang.Object java.lang.invoke.DirectMethodHandle$Holder.newInvokeSpecial(java.lang.Object, java.lang.Object, java.lang.Object, int, java.lang.Object)'> (0x00000000d57e2aa8) 
thrown [s\src\hotspot\share\interpreter\linkResolver.cpp, line 773]
Event: 29.723 Thread 0x000001d3f81a3d90 Exception <a 'java/lang/NoSuchMethodError'{0x00000000d57e6a28}: 'java.lang.Object java.lang.invoke.DirectMethodHandle$Holder.invokeSpecial(java.lang.Object, java.lang.Object, java.lang.Object, java.lang.Object, int, java.lang.Object)'> (0x00000000d57e6a28) 
thrown [s\src\hotspot\share\interpreter\linkResolver.cpp, line 773]
Event: 29.723 Thread 0x000001d3f81a3d90 Exception <a 'java/lang/NoSuchMethodError'{0x00000000d57ea568}: 'java.lang.Object java.lang.invoke.Invokers$Holder.linkToTargetMethod(java.lang.Object, java.lang.Object, int, java.lang.Object, java.lang.Object)'> (0x00000000d57ea568) 
thrown [s\src\hotspot\share\interpreter\linkResolver.cpp, line 773]
Event: 29.725 Thread 0x000001d3fe219450 Exception <a 'java/lang/NoSuchMethodError'{0x00000000d56b6a40}: 'java.lang.Object java.lang.invoke.DirectMethodHandle$Holder.invokeSpecial(java.lang.Object, java.lang.Object, int, java.lang.Object, java.lang.Object)'> (0x00000000d56b6a40) 
thrown [s\src\hotspot\share\interpreter\linkResolver.cpp, line 773]
Event: 29.772 Thread 0x000001d3f81a3d90 Exception <a 'java/lang/NoSuchMethodError'{0x00000000d591a938}: 'void java.lang.invoke.DirectMethodHandle$Holder.invokeSpecial(java.lang.Object, java.lang.Object, java.lang.Object, java.lang.Object, java.lang.Object)'> (0x00000000d591a938) 
thrown [s\src\hotspot\share\interpreter\linkResolver.cpp, line 773]
Event: 30.127 Thread 0x000001d3f81a3d90 Exception <a 'java/lang/NoSuchMethodError'{0x00000000d60da588}: 'java.lang.Object java.lang.invoke.DirectMethodHandle$Holder.invokeInterface(java.lang.Object, java.lang.Object, java.lang.Object)'> (0x00000000d60da588) 
thrown [s\src\hotspot\share\interpreter\linkResolver.cpp, line 773]
Event: 30.262 Thread 0x000001d3f81a3d90 Exception <a 'java/lang/NoSuchMethodError'{0x00000000d6562da0}: 'java.lang.Object java.lang.invoke.Invokers$Holder.linkToTargetMethod(java.lang.Object, long, java.lang.Object, java.lang.Object)'> (0x00000000d6562da0) 
thrown [s\src\hotspot\share\interpreter\linkResolver.cpp, line 773]

ZGC Phase Switch (0 events):
No events

VM Operations (20 events):
Event: 27.826 Executing safepoint VM operation: Cleanup
Event: 27.826 Executing safepoint VM operation: Cleanup done
Event: 28.508 Executing non-safepoint VM operation: HandshakeAllThreads (Deoptimize)
Event: 28.508 Executing non-safepoint VM operation: HandshakeAllThreads (Deoptimize) done
Event: 28.533 Executing safepoint VM operation: ParallelGCFailedAllocation (Allocation Failure)
Event: 28.541 Executing safepoint VM operation: ParallelGCFailedAllocation (Allocation Failure) done
Event: 29.550 Executing safepoint VM operation: Cleanup
Event: 29.566 Executing safepoint VM operation: Cleanup done
Event: 29.589 Executing non-safepoint VM operation: HandshakeAllThreads (Deoptimize)
Event: 29.589 Executing non-safepoint VM operation: HandshakeAllThreads (Deoptimize) done
Event: 29.637 Executing safepoint VM operation: ParallelGCFailedAllocation (Allocation Failure)
Event: 29.647 Executing safepoint VM operation: ParallelGCFailedAllocation (Allocation Failure) done
Event: 29.926 Executing non-safepoint VM operation: HandshakeAllThreads (Deoptimize)
Event: 29.926 Executing non-safepoint VM operation: HandshakeAllThreads (Deoptimize) done
Event: 30.066 Executing non-safepoint VM operation: HandshakeAllThreads (Deoptimize)
Event: 30.066 Executing non-safepoint VM operation: HandshakeAllThreads (Deoptimize) done
Event: 30.075 Executing non-safepoint VM operation: HandshakeAllThreads (Deoptimize)
Event: 30.075 Executing non-safepoint VM operation: HandshakeAllThreads (Deoptimize) done
Event: 30.444 Executing safepoint VM operation: ICBufferFull
Event: 30.445 Executing safepoint VM operation: ICBufferFull done

Memory protections (0 events):
No events

Nmethod flushes (0 events):
No events

Events (20 events):
Event: 2.916 Thread 0x000001d3f846cda0 Thread exited: 0x000001d3f846cda0
Event: 14.332 Thread 0x000001d3de60f500 Thread added: 0x000001d3fe0c12f0
Event: 14.372 Thread 0x000001d3fe0c12f0 Thread added: 0x000001d3f819bdc0
Event: 14.418 Thread 0x000001d3de60f500 Thread added: 0x000001d3f81a3d90
Event: 14.598 Thread 0x000001d3de6cbab0 Thread added: 0x000001d3fe05f460
Event: 14.598 Thread 0x000001d3de6cbab0 Thread added: 0x000001d3fe062ae0
Event: 15.159 Thread 0x000001d3fe062ae0 Thread exited: 0x000001d3fe062ae0
Event: 16.199 Thread 0x000001d3fe05f460 Thread exited: 0x000001d3fe05f460
Event: 17.514 Thread 0x000001d3de6cbab0 Thread added: 0x000001d3fe060200
Event: 17.740 Thread 0x000001d3f81a3d90 Thread added: 0x000001d3fe725750
Event: 18.178 Thread 0x000001d3fe060200 Thread exited: 0x000001d3fe060200
Event: 28.485 Thread 0x000001d3f81a3d90 Thread added: 0x000001d3f91b3f50
Event: 28.718 Thread 0x000001d3de6cbab0 Thread added: 0x000001d3f93132a0
Event: 28.718 Thread 0x000001d3de6cbab0 Thread added: 0x000001d3f9311e30
Event: 29.130 Thread 0x000001d3f81a3d90 Thread added: 0x000001d3fe7518c0
Event: 29.340 Thread 0x000001d3f9311e30 Thread exited: 0x000001d3f9311e30
Event: 29.447 Thread 0x000001d3f93132a0 Thread exited: 0x000001d3f93132a0
Event: 29.684 Thread 0x000001d3f81a3d90 Thread added: 0x000001d3fe219450
Event: 29.726 Thread 0x000001d3f81a3d90 Thread added: 0x000001d3fe21ae90
Event: 29.931 Thread 0x000001d3de6cbab0 Thread added: 0x000001d3f9311e30


Dynamic libraries:
0x00007ff6b1880000 - 0x00007ff6b188e000 	c:\Users\hoang\.antigravity-ide\extensions\redhat.java-1.54.0-win32-x64\jre\21.0.10-win32-x86_64\bin\java.exe
0x00007ffca8d00000 - 0x00007ffca8f66000 	C:\WINDOWS\SYSTEM32\ntdll.dll
0x00007ffca7480000 - 0x00007ffca7549000 	C:\WINDOWS\System32\KERNEL32.DLL
0x00007ffca6480000 - 0x00007ffca687a000 	C:\WINDOWS\System32\KERNELBASE.dll
0x00007ffca5fc0000 - 0x00007ffca610c000 	C:\WINDOWS\System32\ucrtbase.dll
0x00007ffc82f90000 - 0x00007ffc82fa8000 	c:\Users\hoang\.antigravity-ide\extensions\redhat.java-1.54.0-win32-x64\jre\21.0.10-win32-x86_64\bin\jli.dll
0x00007ffc82f70000 - 0x00007ffc82f8e000 	c:\Users\hoang\.antigravity-ide\extensions\redhat.java-1.54.0-win32-x64\jre\21.0.10-win32-x86_64\bin\VCRUNTIME140.dll
0x00007ffca7bc0000 - 0x00007ffca7d87000 	C:\WINDOWS\System32\USER32.dll
0x00007ffca5f90000 - 0x00007ffca5fb7000 	C:\WINDOWS\System32\win32u.dll
0x00007ffc7f280000 - 0x00007ffc7f512000 	C:\WINDOWS\WinSxS\amd64_microsoft.windows.common-controls_6595b64144ccf1df_6.0.26100.8521_none_3e08b75ce33403b3\COMCTL32.dll
0x00007ffca6d10000 - 0x00007ffca6d3b000 	C:\WINDOWS\System32\GDI32.dll
0x00007ffca6350000 - 0x00007ffca647b000 	C:\WINDOWS\System32\gdi32full.dll
0x00007ffca79e0000 - 0x00007ffca7a89000 	C:\WINDOWS\System32\msvcrt.dll
0x00007ffca6880000 - 0x00007ffca6923000 	C:\WINDOWS\System32\msvcp_win.dll
0x00007ffca7b70000 - 0x00007ffca7ba2000 	C:\WINDOWS\System32\IMM32.DLL
0x00007ffc82f60000 - 0x00007ffc82f6c000 	c:\Users\hoang\.antigravity-ide\extensions\redhat.java-1.54.0-win32-x64\jre\21.0.10-win32-x86_64\bin\vcruntime140_1.dll
0x00007ffc577f0000 - 0x00007ffc5787d000 	c:\Users\hoang\.antigravity-ide\extensions\redhat.java-1.54.0-win32-x64\jre\21.0.10-win32-x86_64\bin\msvcp140.dll
0x00007ffbbdb20000 - 0x00007ffbbe8c1000 	c:\Users\hoang\.antigravity-ide\extensions\redhat.java-1.54.0-win32-x64\jre\21.0.10-win32-x86_64\bin\server\jvm.dll
0x00007ffca8b70000 - 0x00007ffca8c26000 	C:\WINDOWS\System32\ADVAPI32.dll
0x00007ffca6a70000 - 0x00007ffca6b1a000 	C:\WINDOWS\System32\sechost.dll
0x00007ffca6bf0000 - 0x00007ffca6d08000 	C:\WINDOWS\System32\RPCRT4.dll
0x00007ffca6d40000 - 0x00007ffca6dc0000 	C:\WINDOWS\System32\WS2_32.dll
0x00007ffca2720000 - 0x00007ffca2756000 	C:\WINDOWS\SYSTEM32\WINMM.dll
0x00007ffca5df0000 - 0x00007ffca5e4e000 	C:\WINDOWS\SYSTEM32\POWRPROF.dll
0x00007ffc94e10000 - 0x00007ffc94e1b000 	C:\WINDOWS\SYSTEM32\VERSION.dll
0x00007ffca5dd0000 - 0x00007ffca5de4000 	C:\WINDOWS\SYSTEM32\UMPDC.dll
0x00007ffca4cf0000 - 0x00007ffca4d0b000 	C:\WINDOWS\SYSTEM32\kernel.appcore.dll
0x00007ffc6aff0000 - 0x00007ffc6affa000 	c:\Users\hoang\.antigravity-ide\extensions\redhat.java-1.54.0-win32-x64\jre\21.0.10-win32-x86_64\bin\jimage.dll
0x00007ffca3540000 - 0x00007ffca3782000 	C:\WINDOWS\SYSTEM32\DBGHELP.DLL
0x00007ffca6f50000 - 0x00007ffca72d3000 	C:\WINDOWS\System32\combase.dll
0x00007ffca7a90000 - 0x00007ffca7b69000 	C:\WINDOWS\System32\OLEAUT32.dll
0x00007ffc7cb30000 - 0x00007ffc7cb6b000 	C:\WINDOWS\SYSTEM32\dbgcore.DLL
0x00007ffca6930000 - 0x00007ffca69d8000 	C:\WINDOWS\System32\bcryptPrimitives.dll
0x00007ffc67680000 - 0x00007ffc6768f000 	c:\Users\hoang\.antigravity-ide\extensions\redhat.java-1.54.0-win32-x64\jre\21.0.10-win32-x86_64\bin\instrument.dll
0x00007ffc67690000 - 0x00007ffc676b0000 	c:\Users\hoang\.antigravity-ide\extensions\redhat.java-1.54.0-win32-x64\jre\21.0.10-win32-x86_64\bin\java.dll
0x00007ffca8280000 - 0x00007ffca8a04000 	C:\WINDOWS\System32\SHELL32.dll
0x00007ffca3990000 - 0x00007ffca4210000 	C:\WINDOWS\SYSTEM32\windows.storage.dll
0x00007ffca7d90000 - 0x00007ffca7e86000 	C:\WINDOWS\System32\SHCORE.dll
0x00007ffca7ea0000 - 0x00007ffca7f07000 	C:\WINDOWS\System32\shlwapi.dll
0x00007ffca5eb0000 - 0x00007ffca5ed9000 	C:\WINDOWS\SYSTEM32\profapi.dll
0x00007ffc263f0000 - 0x00007ffc26408000 	c:\Users\hoang\.antigravity-ide\extensions\redhat.java-1.54.0-win32-x64\jre\21.0.10-win32-x86_64\bin\zip.dll
0x00007ffc6afe0000 - 0x00007ffc6aff0000 	C:\Users\hoang\.antigravity-ide\extensions\redhat.java-1.54.0-win32-x64\jre\21.0.10-win32-x86_64\bin\net.dll
0x00007ffc9c560000 - 0x00007ffc9c689000 	C:\WINDOWS\SYSTEM32\WINHTTP.dll
0x00007ffca5290000 - 0x00007ffca52fc000 	C:\WINDOWS\system32\mswsock.dll
0x00007ffc263d0000 - 0x00007ffc263e6000 	C:\Users\hoang\.antigravity-ide\extensions\redhat.java-1.54.0-win32-x64\jre\21.0.10-win32-x86_64\bin\nio.dll
0x00007ffc55df0000 - 0x00007ffc55e00000 	c:\Users\hoang\.antigravity-ide\extensions\redhat.java-1.54.0-win32-x64\jre\21.0.10-win32-x86_64\bin\verify.dll
0x00007ffc11670000 - 0x00007ffc116b5000 	C:\Users\hoang\AppData\Roaming\Antigravity IDE\User\globalStorage\redhat.java\1.54.0\config_win\org.eclipse.equinox.launcher\org.eclipse.equinox.launcher.win32.win32.x86_64_1.3.0.v20260203-2149\eclipse_11919.dll
0x00007ffca72e0000 - 0x00007ffca7478000 	C:\WINDOWS\System32\ole32.dll
0x00007ffc94eb0000 - 0x00007ffc94eba000 	C:\Users\hoang\.antigravity-ide\extensions\redhat.java-1.54.0-win32-x64\jre\21.0.10-win32-x86_64\bin\management.dll
0x00007ffc94ea0000 - 0x00007ffc94eac000 	C:\Users\hoang\.antigravity-ide\extensions\redhat.java-1.54.0-win32-x64\jre\21.0.10-win32-x86_64\bin\management_ext.dll
0x00007ffca7bb0000 - 0x00007ffca7bb8000 	C:\WINDOWS\System32\PSAPI.DLL

JVMTI agents:
c:\Users\hoang\.antigravity-ide\extensions\redhat.java-1.54.0-win32-x64\lombok\lombok-1.18.39-4050.jar path:c:\Users\hoang\.antigravity-ide\extensions\redhat.java-1.54.0-win32-x64\jre\21.0.10-win32-x86_64\bin\instrument.dll, loaded, initialized, instrumentlib options:none

dbghelp: loaded successfully - version: 4.0.5 - missing functions: none
symbol engine: initialized successfully - sym options: 0x614 - pdb path: .;c:\Users\hoang\.antigravity-ide\extensions\redhat.java-1.54.0-win32-x64\jre\21.0.10-win32-x86_64\bin;C:\WINDOWS\SYSTEM32;C:\WINDOWS\WinSxS\amd64_microsoft.windows.common-controls_6595b64144ccf1df_6.0.26100.8521_none_3e08b75ce33403b3;c:\Users\hoang\.antigravity-ide\extensions\redhat.java-1.54.0-win32-x64\jre\21.0.10-win32-x86_64\bin\server;C:\Users\hoang\AppData\Roaming\Antigravity IDE\User\globalStorage\redhat.java\1.54.0\config_win\org.eclipse.equinox.launcher\org.eclipse.equinox.launcher.win32.win32.x86_64_1.3.0.v20260203-2149

VM Arguments:
jvm_args: --add-modules=ALL-SYSTEM --add-opens=java.base/java.util=ALL-UNNAMED --add-opens=java.base/java.lang=ALL-UNNAMED --add-opens=java.base/sun.nio.fs=ALL-UNNAMED -Declipse.application=org.eclipse.jdt.ls.core.id1 -Dosgi.bundles.defaultStartLevel=4 -Declipse.product=org.eclipse.jdt.ls.core.product -Djava.import.generatesMetadataFilesAtProjectRoot=false -DDetectVMInstallationsJob.disabled=true -Dfile.encoding=utf8 -XX:+UseParallelGC -XX:GCTimeRatio=4 -XX:AdaptiveSizePolicyWeight=90 -Dsun.zip.disableMemoryMapping=true -Xmx2G -Xms100m -Xlog:disable -javaagent:c:\Users\hoang\.antigravity-ide\extensions\redhat.java-1.54.0-win32-x64\lombok\lombok-1.18.39-4050.jar -XX:+HeapDumpOnOutOfMemoryError -XX:HeapDumpPath=c:\Users\hoang\AppData\Roaming\Antigravity IDE\User\workspaceStorage\e8517d76fa35ff21c14cfb3cd64e077b\redhat.java -Daether.dependencyCollector.impl=bf 
java_command: c:\Users\hoang\.antigravity-ide\extensions\redhat.java-1.54.0-win32-x64\server\plugins\org.eclipse.equinox.launcher_1.7.100.v20251111-0406.jar -configuration c:\Users\hoang\AppData\Roaming\Antigravity IDE\User\globalStorage\redhat.java\1.54.0\config_win -data c:\Users\hoang\AppData\Roaming\Antigravity IDE\User\workspaceStorage\e8517d76fa35ff21c14cfb3cd64e077b\redhat.java\jdt_ws --pipe=\\.\pipe\lsp-f86c09d8ba2d708cd6dff211bb63958b-sock
java_class_path (initial): c:\Users\hoang\.antigravity-ide\extensions\redhat.java-1.54.0-win32-x64\server\plugins\org.eclipse.equinox.launcher_1.7.100.v20251111-0406.jar
Launcher Type: SUN_STANDARD

[Global flags]
    uintx AdaptiveSizePolicyWeight                 = 90                                        {product} {command line}
     intx CICompilerCount                          = 4                                         {product} {ergonomic}
    uintx GCTimeRatio                              = 4                                         {product} {command line}
     bool HeapDumpOnOutOfMemoryError               = true                                   {manageable} {command line}
    ccstr HeapDumpPath                             = c:\Users\hoang\AppData\Roaming\Antigravity IDE\User\workspaceStorage\e8517d76fa35ff21c14cfb3cd64e077b\redhat.java         {manageable} {command line}
   size_t InitialHeapSize                          = 104857600                                 {product} {command line}
   size_t MaxHeapSize                              = 2147483648                                {product} {command line}
   size_t MaxNewSize                               = 715653120                                 {product} {ergonomic}
   size_t MinHeapDeltaBytes                        = 524288                                    {product} {ergonomic}
   size_t MinHeapSize                              = 104857600                                 {product} {command line}
   size_t NewSize                                  = 34603008                                  {product} {ergonomic}
    uintx NonNMethodCodeHeapSize                   = 5839372                                {pd product} {ergonomic}
    uintx NonProfiledCodeHeapSize                  = 122909434                              {pd product} {ergonomic}
   size_t OldSize                                  = 70254592                                  {product} {ergonomic}
    uintx ProfiledCodeHeapSize                     = 122909434                              {pd product} {ergonomic}
    uintx ReservedCodeCacheSize                    = 251658240                              {pd product} {ergonomic}
     bool SegmentedCodeCache                       = true                                      {product} {ergonomic}
   size_t SoftMaxHeapSize                          = 2147483648                             {manageable} {ergonomic}
     bool UseCompressedOops                        = true                           {product lp64_product} {ergonomic}
     bool UseLargePagesIndividualAllocation        = false                                  {pd product} {ergonomic}
     bool UseParallelGC                            = true                                      {product} {command line}

Logging:
Log output configuration:
 #0: stdout all=off uptime,level,tags foldmultilines=false
 #1: stderr all=off uptime,level,tags foldmultilines=false

Release file:
JAVA_VERSION="21.0.10" 
MODULES="java.base java.compiler java.datatransfer java.xml java.prefs java.desktop java.instrument java.logging java.management java.security.sasl java.naming java.rmi java.management.rmi java.net.http java.scripting java.security.jgss java.transaction.xa java.sql java.sql.rowset java.xml.crypto java.se java.smartcardio jdk.accessibility jdk.internal.jvmstat jdk.attach jdk.charsets jdk.internal.opt jdk.zipfs jdk.compiler jdk.crypto.ec jdk.crypto.cryptoki jdk.crypto.mscapi jdk.dynalink jdk.internal.ed jdk.editpad jdk.hotspot.agent jdk.httpserver jdk.internal.le jdk.internal.vm.ci jdk.internal.vm.compiler jdk.internal.vm.compiler.management jdk.jartool jdk.javadoc jdk.jcmd jdk.management jdk.management.agent jdk.jconsole jdk.jdeps jdk.jdwp.agent jdk.jdi jdk.jfr jdk.jshell jdk.jsobject jdk.jstatd jdk.localedata jdk.management.jfr jdk.naming.dns jdk.naming.rmi jdk.net jdk.nio.mapmode jdk.random jdk.sctp jdk.security.auth jdk.security.jgss jdk.unsupported jdk.unsupported.desktop jdk.xml.dom" 

Environment Variables:
JAVA_HOME=C:\Program Files\Java\jdk-21
PATH=C:\Program Files (x86)\VMware\VMware Workstation\bin\;C:\windows\system32;C:\windows;C:\windows\System32\Wbem;C:\windows\System32\WindowsPowerShell\v1.0\;C:\windows\System32\OpenSSH\;C:\Program Files (x86)\NVIDIA Corporation\PhysX\Common;C:\Program Files\NVIDIA Corporation\NVIDIA NvDLISR;C:\WINDOWS\system32;C:\WINDOWS;C:\WINDOWS\System32\Wbem;C:\WINDOWS\System32\WindowsPowerShell\v1.0\;C:\WINDOWS\System32\OpenSSH\;C:\Program Files\HP\HP One Agent;C:\Program Files\Microsoft SQL Server\Client SDK\ODBC\110\Tools\Binn\;C:\Program Files (x86)\Microsoft SQL Server\160\DTS\Binn\;C:\Program Files (x86)\Microsoft SQL Server\160\Tools\Binn\;C:\Program Files\Microsoft SQL Server\160\Tools\Binn\;C:\Program Files\Microsoft SQL Server\Client SDK\ODBC\170\Tools\Binn\;C:\Program Files\Microsoft SQL Server\160\DTS\Binn\;C:\WINDOWS\system32;C:\WINDOWS;C:\WINDOWS\System32\Wbem;C:\WINDOWS\System32\WindowsPowerShell\v1.0\;C:\WINDOWS\System32\OpenSSH\;C:\Program Files\nodejs\;C:\Program Files\MySQL\MySQL Server 8.0\bin;C:\Program Files\Java\jdk-21\BIN;C:\Program Files\apache-maven-3.9.9\BIN;C:\Program Files\Git\cmd;;C:\Program Files\Docker\Docker\resources\bin;C:\Program Files\Amazon\AWSCLIV2\;C:\Users\hoang\AppData\Local\Programs\Python\Launcher\;C:\Users\hoang\AppData\Local\Microsoft\WindowsApps;C:\Users\hoang\AppData\Local\Programs\Microsoft VS Code\bin;C:\Users\hoang\AppData\Local\Programs\Python\Python312\Scripts;C:\Users\hoang\AppData\Roaming\npm;C:\Users\hoang\AppData\Local\GitHubDesktop\bin;C:\Program Files\Java\jdk-21\bin;C:\Users\hoang\AppData\Local\Programs\Antigravity\bin;D:\flutter_windows_3.41.9-stable\flutter\bin;C:\Users\hoang\AppData\Local\Programs\Antigravity IDE\bin;C:\Users\hoang\AppData\Local\Programs\cursor\resources\app\bin
USERNAME=hoang
OS=Windows_NT
PROCESSOR_IDENTIFIER=Intel64 Family 6 Model 154 Stepping 4, GenuineIntel
TMP=C:\Users\hoang\AppData\Local\Temp
TEMP=C:\Users\hoang\AppData\Local\Temp




Periodic native trim disabled

---------------  S Y S T E M  ---------------

OS:
 Windows 11 , 64 bit Build 26100 (10.0.26100.8521)
OS uptime: 0 days 16:49 hours
Hyper-V role detected

CPU: total 12 (initial active 12) (6 cores per cpu, 2 threads per core) family 6 model 154 stepping 4 microcode 0x42c, cx8, cmov, fxsr, ht, mmx, 3dnowpref, sse, sse2, sse3, ssse3, sse4.1, sse4.2, popcnt, lzcnt, tsc, tscinvbit, avx, avx2, aes, erms, clmul, bmi1, bmi2, adx, sha, fma, vzeroupper, clflush, clflushopt, clwb, hv, serialize, rdtscp, rdpid, fsrm, f16c, cet_ibt, cet_ss
Processor Information for processor 0
  Max Mhz: 1300, Current Mhz: 1300, Mhz Limit: 1300
Processor Information for processor 1
  Max Mhz: 1300, Current Mhz: 1300, Mhz Limit: 1300
Processor Information for processor 2
  Max Mhz: 1300, Current Mhz: 1300, Mhz Limit: 1300
Processor Information for processor 3
  Max Mhz: 1300, Current Mhz: 1300, Mhz Limit: 1300
Processor Information for processor 4
  Max Mhz: 1300, Current Mhz: 900, Mhz Limit: 897
Processor Information for processor 5
  Max Mhz: 1300, Current Mhz: 900, Mhz Limit: 897
Processor Information for processor 6
  Max Mhz: 1300, Current Mhz: 900, Mhz Limit: 897
Processor Information for processor 7
  Max Mhz: 1300, Current Mhz: 900, Mhz Limit: 897
Processor Information for processor 8
  Max Mhz: 1300, Current Mhz: 900, Mhz Limit: 897
Processor Information for processor 9
  Max Mhz: 1300, Current Mhz: 900, Mhz Limit: 897
Processor Information for processor 10
  Max Mhz: 1300, Current Mhz: 900, Mhz Limit: 897
Processor Information for processor 11
  Max Mhz: 1300, Current Mhz: 900, Mhz Limit: 897

Memory: 4k page, system-wide physical 16052M (1295M free)
TotalPageFile size 36260M (AvailPageFile size 10M)
current process WorkingSet (physical memory assigned to process): 147M, peak: 147M
current process commit charge ("private bytes"): 291M, peak: 292M

vm_info: OpenJDK 64-Bit Server VM (21.0.10+7-LTS) for windows-amd64 JRE (21.0.10+7-LTS), built on 2026-01-20T00:00:00Z by "admin" with MS VC++ 17.12 (VS2022)

END.
